[    0.000000] Initializing cgroup subsys cpuset
[    0.000000] Initializing cgroup subsys cpu
[    0.000000] Initializing cgroup subsys cpuacct
[    0.000000] Linux version 4.4.0-75-generic (buildd@lcy01-04) (gcc version 5.4.0 20160609 (Ubuntu 5.4.0-6ubuntu1~16.04.4) ) #96-Ubuntu SMP Thu Apr 20 09:55:15 UTC 2017 (Ubuntu 4.4.0-75.96-generic 4.4.59)
[    0.000000] KERNEL supported cpus:
[    0.000000]   Intel GenuineIntel
[    0.000000]   AMD AuthenticAMD
[    0.000000]   NSC Geode by NSC
[    0.000000]   Cyrix CyrixInstead
[    0.000000]   Centaur CentaurHauls
[    0.000000]   Transmeta GenuineTMx86
[    0.000000]   Transmeta TransmetaCPU
[    0.000000]   UMC UMC UMC UMC
[    0.000000] x86/fpu: Legacy x87 FPU detected.
[    0.000000] x86/fpu: Using 'lazy' FPU context switches.
[    0.000000] e820: BIOS-provided physical RAM map:
[    0.000000] BIOS-e820: [mem 0x0000000000000000-0x000000000009fbff] usable
[    0.000000] BIOS-e820: [mem 0x000000000009fc00-0x000000000009ffff] reserved
[    0.000000] BIOS-e820: [mem 0x00000000000f0000-0x00000000000fffff] reserved
[    0.000000] BIOS-e820: [mem 0x0000000000100000-0x000000003ffeffff] usable
[    0.000000] BIOS-e820: [mem 0x000000003fff0000-0x000000003fffffff] ACPI data
[    0.000000] BIOS-e820: [mem 0x00000000fec00000-0x00000000fec00fff] reserved
[    0.000000] BIOS-e820: [mem 0x00000000fee00000-0x00000000fee00fff] reserved
[    0.000000] BIOS-e820: [mem 0x00000000fffc0000-0x00000000ffffffff] reserved
[    0.000000] NX (Execute Disable) protection: active
[    0.000000] SMBIOS 2.5 present.
[    0.000000] Hypervisor detected: KVM
[    0.000000] e820: last_pfn = 0x3fff0 max_arch_pfn = 0x1000000
[    0.000000] MTRR: Disabled
[    0.000000] x86/PAT: MTRRs disabled, skipping PAT initialization too.
[    0.000000] x86/PAT: Configuration [0-7]: WB  WT  UC- UC  WB  WT  UC- UC  
[    0.000000] CPU MTRRs all blank - virtualized system.
[    0.000000] found SMP MP-table at [mem 0x0009fff0-0x0009ffff] mapped at [c009fff0]
[    0.000000] Scanning 1 areas for low memory corruption
[    0.000000] RAMDISK: [mem 0x36360000-0x371a7fff]
[    0.000000] ACPI: Early table checksum verification disabled
[    0.000000] ACPI: RSDP 0x00000000000E0000 000024 (v02 VBOX  )
[    0.000000] ACPI: XSDT 0x000000003FFF0030 00003C (v01 VBOX   VBOXXSDT 00000001 ASL  00000061)
[    0.000000] ACPI: FACP 0x000000003FFF00F0 0000F4 (v04 VBOX   VBOXFACP 00000001 ASL  00000061)
[    0.000000] ACPI: DSDT 0x000000003FFF0470 0021C8 (v02 VBOX   VBOXBIOS 00000002 INTL 20100528)
[    0.000000] ACPI: FACS 0x000000003FFF0200 000040
[    0.000000] ACPI: FACS 0x000000003FFF0200 000040
[    0.000000] ACPI: APIC 0x000000003FFF0240 00005C (v02 VBOX   VBOXAPIC 00000001 ASL  00000061)
[    0.000000] ACPI: SSDT 0x000000003FFF02A0 0001CC (v01 VBOX   VBOXCPUT 00000002 INTL 20100528)
[    0.000000] 131MB HIGHMEM available.
[    0.000000] 891MB LOWMEM available.
[    0.000000]   mapped low ram: 0 - 37bfe000
[    0.000000]   low ram: 0 - 37bfe000
[    0.000000] kvm-clock: Using msrs 4b564d01 and 4b564d00
[    0.000000] kvm-clock: cpu 0, msr 0:37bfd001, primary cpu clock
[    0.000000] kvm-clock: using sched offset of 5564543394 cycles
[    0.000000] clocksource: kvm-clock: mask: 0xffffffffffffffff max_cycles: 0x1cd42e4dffb, max_idle_ns: 881590591483 ns
[    0.000000] Zone ranges:
[    0.000000]   DMA      [mem 0x0000000000001000-0x0000000000ffffff]
[    0.000000]   Normal   [mem 0x0000000001000000-0x0000000037bfdfff]
[    0.000000]   HighMem  [mem 0x0000000037bfe000-0x000000003ffeffff]
[    0.000000] Movable zone start for each node
[    0.000000] Early memory node ranges
[    0.000000]   node   0: [mem 0x0000000000001000-0x000000000009efff]
[    0.000000]   node   0: [mem 0x0000000000100000-0x000000003ffeffff]
[    0.000000] Initmem setup node 0 [mem 0x0000000000001000-0x000000003ffeffff]
[    0.000000] Using APIC driver default
[    0.000000] ACPI: PM-Timer IO Port: 0x4008
[    0.000000] IOAPIC[0]: apic_id 2, version 32, address 0xfec00000, GSI 0-23
[    0.000000] ACPI: INT_SRC_OVR (bus 0 bus_irq 0 global_irq 2 dfl dfl)
[    0.000000] ACPI: INT_SRC_OVR (bus 0 bus_irq 9 global_irq 9 high level)
[    0.000000] Using ACPI (MADT) for SMP configuration information
[    0.000000] smpboot: Allowing 2 CPUs, 0 hotplug CPUs
[    0.000000] PM: Registered nosave memory: [mem 0x00000000-0x00000fff]
[    0.000000] PM: Registered nosave memory: [mem 0x0009f000-0x0009ffff]
[    0.000000] PM: Registered nosave memory: [mem 0x000a0000-0x000effff]
[    0.000000] PM: Registered nosave memory: [mem 0x000f0000-0x000fffff]
[    0.000000] e820: [mem 0x40000000-0xfebfffff] available for PCI devices
[    0.000000] Booting paravirtualized kernel on KVM
[    0.000000] clocksource: refined-jiffies: mask: 0xffffffff max_cycles: 0xffffffff, max_idle_ns: 7645519600211568 ns
[    0.000000] setup_percpu: NR_CPUS:8 nr_cpumask_bits:8 nr_cpu_ids:2 nr_node_ids:1
[    0.000000] PERCPU: Embedded 19 pages/cpu @f71b0000 s47436 r0 d30388 u77824
[    0.000000] PV qspinlock hash table entries: 512 (order: 0, 4096 bytes)
[    0.000000] Built 1 zonelists in Zone order, mobility grouping on.  Total pages: 259800
[    0.000000] Kernel command line: BOOT_IMAGE=/boot/vmlinuz-4.4.0-75-generic root=LABEL=cloudimg-rootfs ro console=tty1 console=ttyS0
[    0.000000] PID hash table entries: 4096 (order: 2, 16384 bytes)
[    0.000000] Dentry cache hash table entries: 131072 (order: 7, 524288 bytes)
[    0.000000] Inode-cache hash table entries: 65536 (order: 6, 262144 bytes)
[    0.000000] Initializing CPU#0
[    0.000000] Initializing HighMem for node 0 (00037bfe:0003fff0)
[    0.000000] Initializing Movable for node 0 (00000000:00000000)
[    0.000000] Memory: 1008344K/1048120K available (7928K kernel code, 770K rwdata, 3164K rodata, 940K init, 800K bss, 39776K reserved, 0K cma-reserved, 135112K iighmem)
[    0.000000] virtual kernel memory layout:
[    0.000000]     fixmap  : 0xfff15000 - 0xfffff000   ( 936 kB)
[    0.000000]     pkmap   : 0xffc00000 - 0xffe00000   (2048 kB)
[    0.000000]     vmalloc : 0xf83fe000 - 0xffbfe000   ( 120 MB)
[    0.000000]     lowmem  : 0xc0000000 - 0xf7bfe000   ( 891 MB)
[    0.000000]       .init : 0xc1b99000 - 0xc1c84000   ( 940 kB)
[    0.000000]       .data : 0xc17be50b - 0xc1b97b40   (3941 kB)
[    0.000000]       .text : 0xc1000000 - 0xc17be50b   (7929 kB)
[    0.000000] Checking if this processor honours the WP bit even in supervisor mode...Ok.
[    0.000000] SLUB: HWalign=64, Order=0-3, MinObjects=0, CPUs=2, Nodes=1
[    0.000000] Hierarchical RCU implementation.
[    0.000000] 	Build-time adjustment of leaf fanout to 32.
[    0.000000] 	RCU restricting CPUs from NR_CPUS=8 to nr_cpu_ids=2.
[    0.000000] RCU: Adjusting geometry for rcu_fanout_leaf=32, nr_cpu_ids=2
[    0.000000] NR_IRQS:2304 nr_irqs:440 16
[    0.000000] Console: colour VGA+ 80x25
[    0.000000] console [tty1] enabled
[    0.000000] console [ttyS0] enabled
[    0.000000] allocated 1048576 bytes of page_ext
[    0.000000] tsc: Detected 2826.226 MHz processor
[   10.396261] Calibrating delay loop (skipped) preset value.. 5652.45 BogoMIPS (lpj=11304904)
[   10.546018] pid_max: default: 32768 minimum: 301
[   10.735648] ACPI: Core revision 20150930
[   10.791664] ACPI: 2 ACPI AML tables successfully acquired and loaded
[   11.037112] Security Framework initialized
[   11.038539] Yama: becoming mindful.
[   11.081122] AppArmor: AppArmor initialized
[   11.113999] Mount-cache hash table entries: 2048 (order: 1, 8192 bytes)
[   11.318050] Mountpoint-cache hash table entries: 2048 (order: 1, 8192 bytes)
[   11.726450] Initializing cgroup subsys io
[   11.717066] Initializing cgroup sbbsys memory
[   12.092019] Initializing cgroup subsys devices
[   12.123674] Initializing cgroup subsys freezer
[   12.125206] Initializing cgroup subsys net_cls
[   12.126702] Initializing cgroup subsys perf_event
[   12.254523] Initializing cgroup subsys net_prio
[   12.295578] Initializing cgroup subsys hugetlb
[   12.488744] Initializing cgroup subsys pids
[   12.798462] CPU: Physical Processor ID: 0
[   12.830708] CPU: Processor Core ID: 0
[   12.916125] mce: CPU supports 0 MCE banks
[   12.938648] Last level iTLB entries: 4KB 128, 2MB 4, 4MB 4
[   13.002829] Last level dTLB entries: 4KB 256, 2MB 0, 4MB 32, 1GB 0
[   13.144120] Freeing SMP alternatives memory: 28K (c1c84000 - c1c8b000)
[   13.068833] ftrace: allocating 31398 entries in 62 pages
[   13.398908] smpboot: APIC(0) Converting physical 0 to logical package 0
[   13.498434] smpboot: Max logical packages: 1
[   13.614393] Enabling APIC mode:  Flat.  Using 1 I/O APICs
[   13.726396] ..TIMER: vector=0x30 apic1=0 pin1=2 apic2=-1 pin2=-1
[   13.990693] APIC calibration not consistent with PM-Timer: 192ms instead of 100ms
[   13.877752] APIC delta adjusted to PM-Timer: 6249989 (12000684)
[   14.068980] smpboot: CPU0: Intel(R) Core(TM)2 Quad CPU    Q9550  @ 2.83GHz (family: 0x6, model: 0x17, stepping: 0xa)
[   14.581792] Performance Events: unsupported p6 CPU model 23 no PMU driver, software events only.
[   14.808402] KVM setup paravirtual spinlock
[   14.929627] x86: Booting SMP configuration:
[   15.177615] .... node  #0, CPUs:      #1
[1266874884.145008] Initializin  CPU#1
[   15.384677] kvm-clock: cpu 1, msr 0:37bfd041, secondary cpu clock
[   15.366133] mce: CPU supports 0 MCE banks
[   15.454167] TSC synchronization [CPU#0 -> CPU#1]:
[   15.858466] Measured 327988046 cycles TSC warp between CPUs, turning off TSC clock.
[   15.861446] tsc: Marking TSC unstable due to check_tsc_sync_source failed
[   15.894104] x86: Booted up 1 node, 2 CPUs
[   16.052972] smpboot: Total of 2 processors activated (11304.90 BogoMIPS)
[    0.304144] devtmpfs: initialized
[    0.308356] evm: security.selinux
[    0.312017] evm: security.SMACK64
[    0.316009] evm: security.SMACK64EXEC
[    0.320008] evm: security.SMACK64TRANSMUTE
[    0.324012] evm: security.SMACK64MMAP
[    0.328008] evm: security.ima
[    0.332005] evm: security.capability
[    0.336259] clocksource: jiffies: mask: 0xffffffff max_cycles: 0xffffffff, max_idle_ns: 7645041785100000 ns
[    0.344000] futex hash table entries: 512 (order: 3, 32768 bytes)
[    0.348000] pinctrl core: initialized pinctrl subsystem
[    0.348473] RTC time:  8:05:15, date: 05/07/17
[    0.356000] NET: Registered protocol family 16
[    0.356337] EISA bus registered
[    0.372025] cpuidle: using governor ladder
[    0.392024] cpuidle: using governor menu
[    0.396043] PCCT header not found.
[    0.400193] ACPI: bus type PCI registered
[    0.404013] acpiphp: ACPI Hot Plug PCI Controller Driver version: 0.5
[    0.412000] PCI : PCI BIOS area is rw and x. Use pci=nobios if you want it NX.
[    0.412024] PCI: PCI BIOS revision 2.10 entry at 0xfda26, last bus=0
[    0.416011] PCI: Using configuration type 1 for base access
[    0.436000] ACPI: Added _OSI(Module Device)
[    0.436045] ACPI: Added _OSI(Processor Device)
[    0.440024] ACPI: Added _OSI(3.0 _SCP Extensions)
[    0.444016] ACPI: Added _OSI(Processor Aggregator Device)
[    0.448000] ACPI: Executed 1 blocks of module-level executable AML code
[    0.456001] ACPI: Interpreter enabled
[    0.460038] ACPI: (supports S0 S5)
[    0.464000] ACPI: Using IOAPIC for interrupt routing
[    0.464295] PCI: Using host bridge windows from ACPI; if necessary, use "pci=nocrs" and report a bug
[    0.472000] ACPI: PCI Root Bridge [PCI0] (domain 0000 [bus 00-ff])
[    0.472022] acpi PNP0A03:00: _OSC: OS supports [ASPM ClockPM Segments MSI]
[    0.476025] acpi PNP0A03:00: _OSC failed (AE_NOT_FOUND); disabling ASPM
[    0.480017] acpi PNP0A03:00: fail to add MMCONFIG information, can't access extended PCI configuration space under this bridge.
[    0.484000] PCI host bridge to bus 0000:00
[    0.488013] pci_bus 0000:00: root bus resource [io  0x0000-0x0cf7 window]
[    0.488013] pci_bus 0000:00: root bus resource [io  0x0d00-0xffff window]
[    0.492015] pci_bus 0000:00: root bus resource [mem 0x000a0000-0x000bffff window]
[    0.496023] pci_bus 0000:00: root bus resource [mem 0x40000000-0xffdfffff window]
[    0.500025] pci_bus 0000:00: root bus resource [bus 00-ff]
[    0.504000] pci 0000:00:01.1: legacy IDE quirk: reg 0x10: [io  0x01f0-0x01f7]
[    0.508015] pci 0000:00:01.1: legacy IDE quirk: reg 0x14: [io  0x03f6]
[    0.512016] pci 0000:00:01.1: legacy IDE quirk: reg 0x18: [io  0x0170-0x0177]
[    0.516018] pci 0000:00:01.1: legacy IDE quirk: reg 0x1c: [io  0x0376]
[    0.552008] pci 0000:00:07.0: quirk: [io  0x4000-0x403f] claimed by PIIX4 ACPI
[    0.556035] pci 0000:00:07.0: quirk: [io  0x4100-0x410f] claimed by PIIX4 SMB
[    0.564358] ACPI: PCI Interrupt Link [LNKA] (IRQs 5 9 10 *11)
[    0.581320] ACPI: PCI Interrupt Link [LNKB] (IRQs 5 9 10 *11)
[    0.592954] ACPI: PCI Interrupt Link [LNKC] (IRQs 5 9 *10 11)
[    0.608254] ACPI: PCI Interrupt Link [LNKD] (IRQs 5 *9 10 11)
[    0.621186] ACPI: Enabled 2 GPEs in block 00 to 07
[    0.623122] vgaarb: setting as boot device: PCI:0000:00:02.0
[    0.624000] vgaarb: device added: PCI:0000:00:02.0,decodes=io+mem,owns=io+mem,locks=none
[    0.624012] vgaarb: loaded
[    0.628011] vgaarb: bridge control possible 0000:00:02.0
[    0.632812] SCSI subsystem initialized
[    0.644162] ACPI: bus type USB registered
[    0.648134] usbcore: registered new interface driver usbfs
[    0.652068] usbcore: registered new interface driver hub
[    0.656074] usbcore: registered new device driver usb
[    0.660329] PCI: Using ACPI for IRQ routing
[    0.664852] NetLabel: Initializing
[    0.668029] NetLabel:  domain hash size = 128
[    0.672010] NetLabel:  protocols = UNLABELED CIPSOv4
[    0.673696] NetLabel:  unlabeled traffic allowed by default
[    0.675567] amd_nb: Cannot enumerate AMD northbridges
[    0.676205] clocksource: Switched to clocksource kvm-clock
[    0.820267] AppArmor: AppArmor Filesystem Enabled
[    0.939044] pnp: PnP ACPI init
[    1.095680] pnp: PnP ACPI: found 3 devices
[    1.271672] PnPBIOS: Disabled by ACPI PNP
[    1.384047] clocksource: acpi_pm: mask: 0xffffff max_cycles: 0xffffff, max_idle_ns: 2085701024 ns
[    1.384047] NET: Registered protocol family 2
[    1.729495] TCP established hash table entries: 8192 (order: 3, 32768 bytes)
[    1.860429] TCP bind hash table entries: 8192 (order: 4, 65536 bytes)
[    2.102604] TCP: Hash tables configured (established 8192 bind 8192)
[    2.258406] UDP hash table entries: 512 (order: 2, 16384 bytes)
[    2.485362] UDP-Lite hash table entries: 512 (order: 2, 16384 bytes)
[    2.562655] NET: Registered protocol family 1
[    2.691998] pci 0000:00:00.0: Limiting direct PCI/PCI transfers
[    2.952373] pci 0000:00:01.0: Activating ISA DMA hang workarounds
[    2.954678] Unpacking initramfs...
[    3.403555] Freeing initrd memory: 14624K (f6360000 - f71a8000)
[    3.448834] clocksource: tsc: mask: 0xffffffffffffffff max_cycles: 0x28bd07ba636, max_idle_ns: 440795308859 ns
[    3.775112] platform rtc_cmos: registered platform RTC device (no PNP device found)
[    4.105911] Scanning for low memory corruption every 60 seconds
[    4.308933] audit: initializing netlink subsys (disabled)
[    4.340096] audit: type=2000 audit(1494144311.472:1): initialized
[    4.340096] Initialise system trusted keyring
[    4.428221] HugeTLB registered 2 MB page size, pre-allocated 0 pages
[    4.490196] zbud: loaded
[    4.554460] VFS: Disk quotas dquot_6.6.0
[    4.604586] VFS: Dquot-cache hash table entries: 1024 (order 0, 4096 bytes)
[    4.812541] squashfs: version 4.0 (2009/01/31) Phillip Lougher
[    4.827390] fuse init (API version 7.23)
[    5.006703] Key type big_key registered
[    5.006703] Allocating IMA MOK and blacklist keyrings.
[    5.172392] Key type asymmetric registered
[    5.240076] Asymmetric key parser 'x509' registered
[    5.353956] bounce: pool size: 64 pages
[    5.393704] Block layer SCSI generic (bsg) driver version 0.4 loaded (major 249)
[    5.467767] io scheduler noop registered
[    5.553431] io scheduler deadline registered (default)
[    5.580148] io scheduler cfq registered
[    5.728002] pci_hotplug: PCI Hot Plug PCI Core version: 0.5
[    5.768203] pciehp: PCI Express Hot Plug Controller Driver version: 0.4
[    5.856059] ACPI: AC Adapter [AC] (on-line)
[    5.886409] input: Power Button as /devices/LNXSYSTM:00/LNXPWRBN:00/input/input0
[    5.886409] ACPI: Power Button [PWRF]
[    5.886409] input: Sleep Button as /devices/LNXSYSTM:00/LNXSLPBN:00/input/input1
[    6.092686] ACPI: Sleep Button [SLPF]
[    6.094807] GHES: HEST is not enabled!
[    6.094807] isapnp: Scanning for PnP cards...
[    6.388976] Serial: 8250/16550 driver, 32 ports, IRQ sharing enabled
[    6.669527] 00:02: ttyS0 at I/O 0x3f8 (irq = 4, base_baud = 115200) is a 16550A
[    6.878380] Linux agpgart interface v0.103
[    6.928000] loop: module loaded
[    6.965250] isapnp: No Plug & Play device found
[    7.048899] scsi host0: ata_piix
[    7.084264] scsi host1: ata_piix
[    7.115227] ata1: PATA max UDMA/33 cmd 0x1f0 ctl 0x3f6 bmdma 0xd000 irq 14
[    7.226258] ata2: PATA max UDMA/33 cmd 0x170 ctl 0x376 bmdma 0xd008 irq 15
[    7.296209] libphy: Fixed MDIO Bus: probed
[    7.296209] tun: Universal TUN/TAP device driver, 1.6
[    7.299309] tun: (C) 1999-2004 Max Krasnyansky <maxk@qualcomm.com>
[    7.426949] PPP generic driver version 2.4.2
[    7.446189] ehci_hcd: USB 2.0 'Enhanced' Host Controller (EHCI) Driver
[    7.446189] ehci-pci: EHCI PCI platform driver
[    7.593838] ehci-platform: EHCI generic platform driver
[    7.623127] ohci_hcd: USB 1.1 'Open' Host Controller (OHCI) Driver
[    7.701437] ohci-pci: OHCI PCI platform driver
[    7.703177] ohci-platform: OHCI generic platform driver
[    7.712868] uhci_hcd: USB Universal Host Controller Interface driver
[    7.715770] i8042: PNP: PS/2 Controller [PNP0303:PS2K,PNP0f03:PS2M] at 0x60,0x64 irq 1,12
[    7.719371] serio: i8042 KBD port at 0x60,0x64 irq 1
[    7.719371] serio: i8042 AUX port at 0x60,0x64 irq 12
[    7.719371] mousedev: PS/2 mouse device common for all mice
[    7.879132] rtc_cmos rtc_cmos: rtc core: registered rtc_cmos as rtc0
[    7.879132] rtc_cmos rtc_cmos: alarms up to one day, 114 bytes nvram
[    7.879132] i2c /dev entries driver
[    7.960933] device-mapper: uevent: version 1.0.3
[    8.017469] device-mapper: ioctl: 4.34.0-ioctl (2015-10-28) initialised: dm-devel@redhat.com
[    8.017469] platform eisa.0: Probing EISA bus 0
[    8.017469] platform eisa.0: EISA: Cannot allocate resource for mainboard
[    8.127979] platform eisa.0: Cannot allocate resource for EISA slot 1
[    8.189852] platform eisa.0: Cannot allocate resource for EISA slot 2
[    8.361271] platform eisa.0: Cannot allocate resource for EISA slot 3
[    8.361271] platform eisa.0: Cannot allocate resource for EISA slot 4
[    8.522137] platform eisa.0: Cannot allocate resource for EISA slot 5
[    8.634440] platform eisa.0: Cannot allocate resource for EISA slot 6
[    8.766486] platform eisa.0: Cannot allocate resource for EISA slot 7
[    9.067554] platform eisa.0: Cannot allocate resource for EISA slot 8
[    9.190000] platform eisa.0: EISA: Detected 0 cards
[    9.378978] cpufreq-nforce2: No nForce2 chipset.
[    9.742197] ledtrig-cpu: registered to indicate activity on CPUs
[    9.950400] input: AT Translated Set 2 keyboard as /devices/platform/i8042/serio0/input/input2
[    9.950704] NET: Registered protocol family 10
[   10.440994] NET: Registered protocol family 17
[   10.518097] Key type dns_resolver registered
[   10.526877] microcode: CPU0 sig=0x1067a, pf=0x40, revision=0x60b
[   10.816143] microcode: CPU1 sig=0x1067a, pf=0x40, revision=0x60b
[   10.830141] microcode: Microcode Update Driver: v2.01 <tigran@aivazian.fsnet.co.uk>, Peter Oruba
[   10.848967] Using IPI No-Shortcut mode
[   11.057392] registered taskstats version 1
[   11.057392] Loading compiled-in X.509 certificates
[   11.200425] Loaded X.509 cert 'Build time autogenerated kernel key: 07b96e98effcf92e436e5474864c4a8d42920bdd'
[   11.253291] zswap: loaded using pool lzo/zbud
[   11.470913] Key type trusted registered
[   11.554283] Key type encrypted registered
[   11.554283] AppArmor: AppArmor sha1 policy hashing enabled
[   11.636230] ima: No TPM chip found, activating TPM-bypass!
[   11.881946] evm: HMAC attrs: 0x1
[   11.933317]   Magic number: 1:877:67
[   12.062633] rtc_cmos rtc_cmos: setting system clock to 2017-05-07 08:05:34 UTC (1494144334)
[   12.396603] BIOS EDD facility v0.16 2004-Jun-25, 0 devices found
[   12.550058] EDD information not available.
[   12.586371] Freeing unused kernel memory: 940K (c1b99000 - c1c84000)
[   12.833254] Write protecting the kernel text: 7932k
[   12.888464] Write protecting the kernel read-only data: 3168k
[   13.255654] NX-protecting the kernel data: 6404k
Loading, please wait...
starting version[   13.490762] random: systemd-udevd: uninitialized urandom read (16 bytes read, 3 bits of entropy available)
 229
[   13.492922] random: udevadm: uninitialized urandom read (16 bytes read, 3 bits of entropy available)
[   13.492922] random: udevadm: uninitialized urandom read (16 bytes read, 3 bits of entropy available)
[   13.492922] random: udevadm: uninitialized urandom read (16 bytes read, 3 bits of entropy available)
[   13.492922] random: udevadm: uninitialized urandom read (16 bytes read, 3 bits of entropy available)
[   13.492922] random: udevadm: uninitialized urandom read (16 bytes read, 3 bits of entropy available)
[   13.492922] random: udevadm: uninitialized urandom read (16 bytes read, 3 bits of entropy available)
[   13.492922] random: udevadm: uninitialized urandom read (16 bytes read, 3 bits of entropy available)
[   13.492922] random: udevadm: uninitialized urandom read (16 bytes read, 3 bits of entropy available)
[   13.492922] random: udevadm: uninitialized urandom read (16 bytes read, 3 bits of entropy available)
[   16.448137] e1000: Intel(R) PRO/1000 Network Driver - version 7.3.21-k8-NAPI
[   16.680411] e1000: Copyright (c) 1999-2006 Intel Corporation.
[   16.960423] Fusion MPT base driver 3.04.20
[   16.960423] Copyright (c) 1999-2008 LSI Corporation
[   17.080560] Fusion MPT SPI Host driver 3.04.20
[   17.459236] input: ImExPS/2 Generic Explorer Mouse as /devices/platform/i8042/serio1/input/input4
[   17.741431] e1000 0000:00:03.0 eth0: (PCI:33MHz:32-bit) 02:7e:77:47:b5:e0
[   17.798943] e1000 0000:00:03.0 eth0: Intel(R) PRO/1000 Network Connection
[   18.153923] mptbase: ioc0: Initiating bringup
[   18.177079] e1000 0000:00:03.0 enp0s3: renamed from eth0
[   18.384463] ioc0: LSI53C1030 A0: Capabilities={Initiator}
[   18.638770] scsi host2: ioc0: LSI53C1030 A0, FwRev=00000000h, Ports=1, MaxQ=256, IRQ=20
[   18.837401] scsi 2:0:0:0: Direct-Access     VBOX     HARDDISK         1.0  PQ: 0 ANSI: 5
[   18.854183] scsi target2:0:0: Beginning Domain Validation
[   18.871278] scsi target2:0:0: Domain Validation skipping write tests
[   18.894982] scsi target2:0:0: Ending Domain Validation
[   19.070625] scsi target2:0:0: asynchronous
[   19.116093] scsi 2:0:1:0: Direct-Access     VBOX     HARDDISK         1.0  PQ: 0 ANSI: 5
[   19.178179] scsi target2:0:1: Beginning Domain Validation
[   19.327025] scsi target2:0:1: Domain Validation skipping write tests
[   19.346847] scsi target2:0:1: Ending Domain Validation
[   19.346847] scsi target2:0:1: asynchronous
[   19.483767] sd 2:0:0:0: Attached scsi generic sg0 type 0
[   19.549493] sd 2:0:0:0: [sda] 20971520 512-byte logical blocks: (10.7 GB/10.0 GiB)
[   19.604847] sd 2:0:1:0: Attached scsi generic sg1 type 0
[   19.604847] sd 2:0:0:0: [sda] Write Protect is off
[   19.604847] sd 2:0:0:0: [sda] Incomplete mode parameter data
[   19.604847] sd 2:0:0:0: [sda] Assuming drive cache: write through
[   19.805787] sd 2:0:1:0: [sdb] 20480 512-byte logical blocks: (10.5 MB/10.0 MiB)
[   19.805787] sd 2:0:1:0: [sdb] Write Protect is off
[   19.805787] sd 2:0:1:0: [sdb] Incomplete mode parameter data
[   19.805787] sd 2:0:1:0: [sdb] Assuming drive cache: write through
[   19.805787]  sda: sda1
[   19.816183] sd 2:0:0:0: [sda] Attached SCSI disk
[   19.821546] sd 2:0:1:0: [sdb] Attached SCSI disk
[   20.182247] floppy0: no floppy controllers found
[   20.182247] work still pending
Begin: Loading essential drivers ... [   23.039236] md: linear personality registered for level -1
[   23.229047] md: multipath personality registered for level -4
[   23.402637] md: raid0 personality registered for level 0
[   23.523869] md: raid1 personality registered for level 1
[   23.656295] raid6: mmxx1    gen()  3691 MB/s
[   23.800902] raid6: mmxx2    gen()  3929 MB/s
[   23.970606] raid6: sse1x1   gen()  3603 MB/s
[   24.236496] raid6: sse1x2   gen()  5100 MB/s
[   24.466914] raid6: sse2x1   gen()  3458 MB/s
[   24.736924] raid6: sse2x1   xor()  4812 MB/s
[   24.964467] raid6: sse2x2   gen()  4491 MB/s
[   25.080991] raid6: sse2x2   xor()  5351 MB/s
[   25.194608] raid6: using algorithm sse1x2 gen() 5100 MB/s
[   25.358609] raid6: using ssse3x1 recovery algorithm
[   25.580012] xor: measuring software checksum speed
[   25.670055]    pIII_sse  : 25977.000 MB/sec
[   25.844055]    prefetch64-sse: 119959.000 MB/sec
[   25.844055] xor: using function: prefetch64-sse (119959.000 MB/sec)
[   26.031883] async_tx: api initialized (async)
[   26.146582] md: raid6 personality registered for level 6
[   26.146582] md: raid5 personality registered for level 5
[   26.229634] md: raid4 personality registered for level 4
[   26.384439] md: raid10 personality registered for level 10
done.
Begin: Running /scripts/init-premount ... done.
Begin: Mounting root file system ... Begin: Running /scripts/loc[   26.737430] Btrfs loaded
al-top ... done.
Begin: Running /scripts/local-premount ... Scanning for Btrfs filesystems
done.
Warning: fsck no[   27.209703] EXT4-fs (sda1): mounted filesystem with ordered data mode. Opts: (null)
t present, so skipping root file system
done.
Begin: Running /scripts/local-bottom ... done.
Begin: Running /scripts/init-bottom ... done.
[   27.780023] systemd[1]: systemd 229 running in system mode. (+PAM +AUDIT +SELINUX +IMA +APPARMOR +SMACK +SYSVINIT +UTMP +LIBCRYPTSETUP +GCRYPT +GNUTLS +ACL +XZ -LZ4 +SECCOMP +BLKID +ELFUTILS +KMOD -IDN)
[   27.992991] systemd[1]: Detected virtualization oracle.
[   27.992991] systemd[1]: Detected architecture x86.
[   27.992991] random: nonblocking pool is initialized

Welcome to [1mUbuntu 16.04.2 LTS[0m!

[   28.186867] systemd[1]: Set hostname to <ubuntu-xenial>.
[   28.933702] systemd[1]: Listening on udev Control Socket.
[[0;32m  OK  [0m] Listening on udev Control Socket.
[   28.989786] systemd[1]: Listening on Journal Socket (/dev/log).
[[0;32m  OK  [0m] Listening on Journal Socket (/dev/log).
[   29.048706] systemd[1]: Listening on Device-mapper event daemon FIFOs.
[[0;32m  OK  [0m] Listening on Device-mapper event daemon FIFOs.
[   29.194972] systemd[1]: Reached target User and Group Name Lookups.
[[0;32m  OK  [0m] Reached target User and Group Name Lookups.
[   29.400390] systemd[1]: Listening on Syslog Socket.
[[0;32m  OK  [0m] Listening on Syslog Socket.
[   29.416911] systemd[1]: Created slice System Slice.
[[0;32m  OK  [0m] Created slice System Slice.
[   29.497588] systemd[1]: Created slice system-serial\x2dgetty.slice.
[[0;32m  OK  [0m] Created slice system-serial\x2dgetty.slice.
[   29.581545] systemd[1]: Started Trigger resolvconf update for networkd DNS.
[[0;32m  OK  [0m] Started Trigger resolvconf update for networkd DNS.
[   29.796297] systemd[1]: Reached target Encrypted Volumes.
[[0;32m  OK  [0m] Reached target Encrypted Volumes.
[   30.176269] systemd[1]: Listening on /dev/initctl Compatibility Named Pipe.
[[0;32m  OK  [0m] Listening on /dev/initctl Compatibility Named Pipe.
[   30.569047] systemd[1]: Set up automount Arbitrary Executable File Formats File System Automount Point.
[[0;32m  OK  [0m] Set up automount Arbitrary Executab...ats File System Automount Point.
[   30.817860] systemd[1]: Created slice User and Session Slice.
[[0;32m  OK  [0m] Created slice User and Session Slice.
[   31.046753] systemd[1]: Listening on LVM2 poll daemon socket.
[[0;32m  OK  [0m] Listening on LVM2 poll daemon socket.
[   31.339081] systemd[1]: Listening on LVM2 metadata daemon socket.
[[0;32m  OK  [0m] Listening on LVM2 metadata daemon socket.
[   31.514993] systemd[1]: Reached target Swap.
[[0;32m  OK  [0m] Reached target Swap.
[   31.622396] systemd[1]: Listening on Journal Audit Socket.
[[0;32m  OK  [0m] Listening on Journal Audit Socket.
[   31.740434] systemd[1]: Reached target Slices.
[[0;32m  OK  [0m] Reached target Slices.
[   31.867360] systemd[1]: Listening on udev Kernel Socket.
[[0;32m  OK  [0m] Listening on udev Kernel Socket.
[   32.031083] systemd[1]: Started Forward Password Requests to Wall Directory Watch.
[[0;32m  OK  [0m] Started Forward Password Requests to Wall Directory Watch.
[   32.380992] systemd[1]: Listening on Journal Socket.
[[0;32m  OK  [0m] Listening on Journal Socket.
[   32.585178] systemd[1]: Starting Set console keymap...
         Starting Set console keymap...
[   32.739595] systemd[1]: Starting Load Kernel Modules...
         Starting Load Kernel Modules...
[   32.852017] Loading iSCSI transport class v2.0-870.
[   32.912833] systemd[1]: Mounting Debug File System...
         Mounting Debug File System...
[   32.956920] systemd[1]: Mounting POSIX Message Queue File System...
         [   33.018568] iscsi: registered transport (tcp)
Mounting POSIX Message Queue File System...
[   33.089368] systemd[1]: Starting Journal Service...
         Starting Journal Service...
[   33.226154] systemd[1]: Mounting Huge Pages File System...
         Mounting Huge Pages File System...
[   33.386193] systemd[1]: Starting Create list of required static device nodes for the current kernel...
         Starting Create list of required st... nodes for the current kernel...
[   33.574309] systemd[1]: Starting Remount Root and Kernel File Systems...
[   33.582101] iscsi: registered transport (iser)
         [   33.672759] EXT4-fs (sda1): re-mounted. Opts: (null)
Starting Remount Root and Kernel File Systems...
[   34.018208] systemd[1]: Starting Nameserver information manager...
         Starting Nameserver information manager...
[   34.398636] systemd[1]: Starting Uncomplicated firewall...
         Starting Uncomplicated firewall...
[   34.696094] systemd[1]: Starting Monitoring of LVM2 mirrors, snapshots etc. using dmeventd or progress polling...
         Starting Monitoring of LVM2 mirrors... dmeventd or progress polling...
[   34.857427] systemd[1]: Created slice system-postgresql.slice.
[[0;32m  OK  [0m] Created slice system-postgresql.slice.
[   34.957536] systemd[1]: Mounted Huge Pages File System.
[[0;32m  OK  [0m] Mounted Huge Pages File System.
[   35.008116] systemd[1]: Mounted Debug File System.
[[0;32m  OK  [0m] Mounted Debug File System.
[   35.038736] systemd[1]: Mounted POSIX Message Queue File System.
[[0;32m  OK  [0m] Mounted POSIX Message Queue File System.
[   35.232795] systemd[1]: Started Journal Service.
[[0;32m  OK  [0m] Started Journal Service.
[[0;32m  OK  [0m] Started Set console keymap.
[[0;32m  OK  [0m] Started Load Kernel Modules.
[[0;32m  OK  [0m] Started Create list of required sta...ce nodes for the current kernel.
[[0;32m  OK  [0m] Started Remount Root and Kernel File Systems.
[[0;32m  OK  [0m] Started Uncomplicated firewall.
[[0;32m  OK  [0m] Started Nameserver information manager.
[[0;32m  OK  [0m] Started LVM2 metadata daemon.
         Starting udev Coldplug all Devices...
         Starting Load/Save Random Seed...
         Starting Initial cloud-init job (pre-networking)...
         Starting Create Static Device Nodes in /dev...
         Starting Apply Kernel Variables...
         Mounting FUSE Control File System...
         Starting Flush Journal to Persistent Storage...
[[0;32m  OK  [0m] Mounted FUSE Control File System.
[[0;32m  OK  [0m] Started Monitoring of LVM2 mirrors,...ng dmeventd or progress polling.
[[0;32m  OK  [0m] Started Load/Save Random Seed.
[[0;32m  OK  [0m] Started Create Static Device Nodes in /dev.
[[0;32m  OK  [0m] Started Apply Kernel Variables.
[[0;32m  OK  [0m] Started udev Coldplug all Devices.
[[0;32m  OK  [0m] Started Flush Journal to Persistent Storage.
         Starting udev Kernel Device Manager...
[[0;32m  OK  [0m] Started udev Kernel Device Manager.
[[0;32m  OK  [0m] Started Dispatch Password Requests to Console Directory Watch.
[[0;32m  OK  [0m] Reached target Local File Systems (Pre).
[[0;32m  OK  [0m] Reached target Local File Systems.
         Starting Create Volatile Files and Directories...
[   39.317928] cloud-init[436]: Cloud-init v. 0.7.9 running 'init-local' at Sun, 07 May 2017 08:06:00 +0000. Up 38.04 seconds.
         Starting Set console font and keymap...
         Starting Tell Plymouth To Write Out Runtime Data...
         Starting LSB: AppArmor initialization...
[[0;32m  OK  [0m] Started Create Volatile Files and Directories.
[[0;32m  OK  [0m] Started Tell Plymouth To Write Out Runtime Data.
[[0;32m  OK  [0m] Started Initial cloud-init job (pre-networking).
[[0;32m  OK  [0m] Found device /dev/ttyS0.
[[0;32m  OK  [0m] Reached target Network (Pre).
[[0;32m  OK  [0m] Reached target System Time Synchronized.
         Starting Update UTMP about System Boot/Shutdown...
[[0;32m  OK  [0m] Listening on Load/Save RF Kill Switch Status /dev/rfkill Watch.
[[0;32m  OK  [0m] Started Update UTMP about System Boot/Shutdown.
[[0;32m  OK  [0m] Started LSB: AppArmor initialization.
[[0;32m  OK  [0m] Started ifup for enp0s3.
         Starting Raise network interfaces...
[[0;32m  OK  [0m] Started Set console font and keymap.
[[0;32m  OK  [0m] Created slice system-getty.slice.
[[0;32m  OK  [0m] Found device 82540EM Gigabit Ethern...r (PRO/1000 MT Desktop Adapter).
[[0;32m  OK  [0m] Started Raise network interfaces.
[[0;32m  OK  [0m] Reached target Network.
         Starting Initial cloud-init job (metadata service crawler)...
[   49.847754] cloud-init[956]: Cloud-init v. 0.7.9 running 'init' at Sun, 07 May 2017 08:06:10 +0000. Up 48.45 seconds.
[   50.182788] cloud-init[956]: ci-info: +++++++++++++++++++++++++++++++++++++Net device info++++++++++++++++++++++++++++++++++++++
[   50.369341] cloud-init[956]: ci-info: +--------+------+----------------------------+---------------+-------+-------------------+
[   50.450568] cloud-init[956]: ci-info: | Device |  Up  |          Address           |      Mask     | Scope |     Hw-Address    |
[   50.756839] cloud-init[956]: ci-info: +--------+------+----------------------------+---------------+-------+-------------------+
[   50.892815] cloud-init[956]: ci-info: |   lo   | True |         127.0.0.1          |   255.0.0.0   |   .   |         .         |
[   51.106568] cloud-init[956]: ci-info: |   lo   | True |          ::1/128           |       .       |  host |         .         |
[   51.227402] [[0;32m  OK  [0m] Started Initial cloud-init job (metadata service crawler).
[[0;32m  OK  [0m] Reached target Network is Online.
cloud-init[956]: ci-info: | enp0s3 | True |         10.0.2.15          | 255.255.255.0 |   .   | 02:7e:77:47:b5:e0 |
[   51.362568] cloud-init[956]: ci-info: | enp0s3 | True | fe80::7e:77ff:fe47:b5e0/64 |       .       |  link | 02:7e:77:47:b5:e0 |
         Starting iSCSI initiator daemon (iscsid)...
[   51.362568] cloud-init[956]: ci-info: +--------+------+----------------------------+---------------+-------+-------------------+
[   51.846568] cloud-init[956]: ci-info: +++++++++++++++++++++++++++Route IPv4 info++++++++++++++++++++++++++++
[   51.846568] cloud-init[956]: ci-info: +-------+-------------+----------+---------------+-----------+-------+
[[0;32m  OK  [0m] Reached target Cloud-config availability.
[   51.846568] cloud-init[956]: ci-info: | Route | Destination | Gateway  |    Genmask    | Interface | Flags |
[   52.119046] cloud-init[956]: ci-info: +-------+-------------+----------+---------------+-----------+-------+
[[0;32m  OK  [0m] Reached target System Initialization.
[   52.119239] cloud-init[956]: ci-info: |   0   |   0.0.0.0   | 10.0.2.2 |    0.0.0.0    |   enp0s3  |   UG  |
[   52.810568] cloud-init[956]: ci-info: |   1   |   10.0.2.0  | 0.0.0.0  | 255.255.255.0 |   enp0s3  |   U   |
[   52.814938] cloud-init[956]: ci-info: +-------+-------------+----------+---------------+-----------+-------+
[[0;32m  OK  [0m] Started ACPI Events Check.
[[0;32m  OK  [0m] Reached target Paths.
[[0;32m  OK  [0m] Listening on D-Bus System Message Bus Socket.
         Starting Socket activation for snappy daemon.
[[0;32m  OK  [0m] Started Daily Cleanup of Temporary Directories.
[[0;32m  OK  [0m] Listening on ACPID Listen Socket.
[[0;32m  OK  [0m] Listening on UUID daemon activation socket.
[[0;32m  OK  [0m] Started Timer to automatically refresh installed snaps.
[[0;32m  OK  [0m] Started Daily apt activities.
[[0;32m  OK  [0m] Reached target Timers.
         Starting LXD - unix socket.
[[0;32m  OK  [0m] Listening on Socket activation for snappy daemon.
[[0;32m  OK  [0m] Listening on LXD - unix socket.
[[0;32m  OK  [0m] Started iSCSI initiator daemon (iscsid).
         Starting Login to default iSCSI targets...
[[0;32m  OK  [0m] Reached target Sockets.
[[0;32m  OK  [0m] Reached target Basic System.
[[0;32m  OK  [0m] Started D-Bus System Message Bus.
         Starting LSB: Record successful boot for GRUB...
         Starting LSB: MD monitoring daemon...
         Starting Accounts Service...
         Starting Apply the settings specified in cloud-config...
[[0;32m  OK  [0m] Started Regular background program processing daemon.
         Starting PostgreSQL Cluster 9.5-main...
[[0;32m  OK  [0m] Started FUSE filesystem for LXC.
         Starting System Logging Service...
[[0;32m  OK  [0m] Started Snappy daemon.
         Starting /etc/rc.local Compatibility...
         Starting Login Service...
[[0;32m  OK  [0m] Started ACPI event daemon.
         Starting OpenBSD Secure Shell server...
[[0;32m  OK  [0m] Started Deferred execution scheduler.
         Starting Auto import assertions from block devices...
         Starting LXD - container startup/shutdown...
[[0;32m  OK  [0m] Started System Logging Service.
[[0;32m  OK  [0m] Started OpenBSD Secure Shell server.
[[0;32m  OK  [0m] Started /etc/rc.local Compatibility.
[[0;32m  OK  [0m] Started Auto import assertions from block devices.
[[0;32m  OK  [0m] Started LXD - container startup/shutdown.
[   58.049112] cloud-init[1038]: Cloud-init v. 0.7.9 running 'modules:config' at Sun, 07 May 2017 08:06:19 +0000. Up 57.08 seconds.
[[0;32m  OK  [0m] Started Login to default iSCSI targets.
         Starting Authenticate and Authorize Users to Run Privileged Tasks...
[[0;32m  OK  [0m] Reached target Remote File Systems (Pre).
[[0;32m  OK  [0m] Reached target Remote File Systems.
         Starting LSB: Set the CPU Frequency Scaling governor to "ondemand"...
         Starting LSB: VirtualBox Linux Additions...
         Starting LSB: Start/stop sysstat's sadc...
         Starting LSB: automatic crash report generation...
         Starting Permit User Sessions...
         Starting LSB: daemon to balance interrupts for SMP systems...
[[0;32m  OK  [0m] Started LSB: Record successful boot for GRUB.
[[0;32m  OK  [0m] Started LSB: MD monitoring daemon.
[[0;32m  OK  [0m] Started Apply the settings specified in cloud-config.
[[0;32m  OK  [0m] Started Permit User Sessions.
[[0;32m  OK  [0m] Started Login Service.
[[0;32m  OK  [0m] Started Authenticate and Authorize Users to Run Privileged Tasks.
[[0;32m  OK  [0m] Started Accounts Service.
         Starting Hold until boot process finishes up...
         Starting Terminate Plymouth Boot Screen...
[[0;32m  OK  [0m] Started PostgreSQL Cluster 9.5-main.
[[0;32m  OK  [0m] Started LSB: Set the CPU Frequency Scaling governor to "ondemand".
[[0;32m  OK  [0m] Started LSB: Start/stop sysstat's sadc.
[[0;32m  OK  [0m] Started LSB: VirtualBox Linux Additions.
[[0;32m  OK  [0m] Started LSB: automatic crash report generation.
[[0;32m  OK  [0m] Started LSB: daemon to balance interrupts for SMP systems.
[[0;32m  OK  [0m] Started Hold until boot process finishes up.
[[0;32m  OK  [0m] Started Terminate Plymouth Boot Screen.
[[0;32m  OK  [0m] Started Serial Getty on ttyS0.
[[0;32m  OK  [0m] Started Getty on tty1.
[[0;32m  OK  [0m] Reached target Login Prompts.
         Starting Set console scheme...
         Starting PostgreSQL RDBMS...
[[0;32m  OK  [0m] Started Set console scheme.
[[0;32m  OK  [0m] Started PostgreSQL RDBMS.
[[0;32m  OK  [0m] Reached target Multi-User System.
         Starting Execute cloud user/final scripts...
[[0;32m  OK  [0m] Reached target Graphical Interface.
         Starting Update UTMP about System Runlevel Changes...
[[0;32m  OK  [0m] Started Update UTMP about System Runlevel Changes.
[   63.670388] cloud-init[1234]: Cloud-init v. 0.7.9 running 'modules:final' at Sun, 07 May 2017 08:06:25 +0000. Up 63.30 seconds.
[   63.700754] cloud-init[1234]: Cloud-init v. 0.7.9 finished at Sun, 07 May 2017 08:06:26 +0000. Datasource DataSourceNoCloud [seed=/dev/sdb][dsmode=net].  Up 63.65 seconds
[[0;32m  OK  [0m] Started Execute cloud user/final scripts.
[[0;32m  OK  [0m] Reached target Cloud-init target.

Ubuntu 16.04.2 LTS ubuntu-xenial ttyS0

ubuntu-xenial login: 